 
****************************************
Report : timing
        -path full
        -delay min
        -max_paths 1
Design : rrc_filter
Version: V-2023.12-SP5-4
Date   : Thu Jul 17 09:22:14 2025
****************************************

Operating Conditions: TT_0P80V_0P00V_0P00V_0P00V_25C   Library: GF22FDX_SC7P5T_116CPP_BASE_CSC20L_TT_0P80V_0P00V_0P00V_0P00V_25C
Wire Load Model Mode: enclosed

  Startpoint: shift_reg_out_reg_1__3_
              (rising edge-triggered flip-flop clocked by cnt_clk)
  Endpoint: shift_reg_out_reg_2__3_
            (rising edge-triggered flip-flop clocked by cnt_clk)
  Path Group: cnt_clk
  Path Type: min

  Point                                                   Incr       Path
  --------------------------------------------------------------------------
  clock cnt_clk (rise edge)                               0.00       0.00
  clock network delay (ideal)                             0.00       0.00
  shift_reg_out_reg_1__3_/CLK (SC7P5T_DFFRQX4_S_CSC20L)
                                                          0.00       0.00 r
  shift_reg_out_reg_1__3_/Q (SC7P5T_DFFRQX4_S_CSC20L)    48.03      48.03 f
  shift_reg_out_reg_2__3_/D (SC7P5T_DFFRQX1_AS_CSC20L)
                                                          0.00      48.03 f
  data arrival time                                                 48.03

  clock cnt_clk (rise edge)                               0.00       0.00
  clock network delay (ideal)                             0.00       0.00
  clock uncertainty                                      50.00      50.00
  shift_reg_out_reg_2__3_/CLK (SC7P5T_DFFRQX1_AS_CSC20L)
                                                          0.00      50.00 r
  library hold time                                      13.08      63.08
  data required time                                                63.08
  --------------------------------------------------------------------------
  data required time                                                63.08
  data arrival time                                                -48.03
  --------------------------------------------------------------------------
  slack (VIOLATED)                                                 -15.05


1
